** Drc report for Cyclometer_v1.kicad_pcb **
** Created on 2026-09-22T10:53:34+0000 **

** Found 157 DRC violations **
[silk_overlap]: Silkscreen overlap
    Rule: board setup constraints silk; warning
    @(150.5000 mm, 83.6000 mm): Rectangle on F.Silkscreen
    @(150.6000 mm, 102.2500 mm): Segment on F.Silkscreen
[silk_overlap]: Silkscreen overlap
    Rule: board setup constraints silk; warning
    @(150.5000 mm, 83.6000 mm): Rectangle on F.Silkscreen
    @(150.6000 mm, 97.6000 mm): Segment on F.Silkscreen
[silk_overlap]: Silkscreen overlap
    Rule: board setup constraints silk; warning
    @(157.0100 mm, 83.8500 mm): Reference 'J1'
    @(150.5000 mm, 83.6000 mm): Rectangle on B.Silkscreen
[silk_overlap]: Silkscreen overlap
    Rule: board setup constraints silk; warning
    @(150.9000 mm, 73.5000 mm): Rectangle on B.Silkscreen
    @(151.3550 mm, 81.5800 mm): Segment on B.Silkscreen
[silk_overlap]: Silkscreen overlap
    Rule: board setup constraints silk; warning
    @(150.9000 mm, 73.5000 mm): Rectangle on B.Silkscreen
    @(151.3550 mm, 82.8500 mm): Segment on B.Silkscreen
[silk_overlap]: Silkscreen overlap
    Rule: board setup constraints silk; warning
    @(150.9000 mm, 73.5000 mm): Rectangle on B.Silkscreen
    @(154.0650 mm, 82.9100 mm): Segment on B.Silkscreen
[silk_overlap]: Silkscreen overlap
    Rule: board setup constraints silk; warning
    @(150.9000 mm, 73.5000 mm): Rectangle on B.Silkscreen
    @(156.7250 mm, 82.9100 mm): Segment on B.Silkscreen
[silk_overlap]: Silkscreen overlap
    Rule: board setup constraints silk; warning
    @(154.0650 mm, 75.1700 mm): Segment on B.Silkscreen
    @(150.9000 mm, 73.5000 mm): Rectangle on B.Silkscreen
[silk_overlap]: Silkscreen overlap
    Rule: board setup constraints silk; warning
    @(150.9000 mm, 73.5000 mm): Rectangle on B.Silkscreen
    @(154.0650 mm, 77.7700 mm): Segment on B.Silkscreen
[silk_overlap]: Silkscreen overlap
    Rule: board setup constraints silk; warning
    @(150.9000 mm, 73.5000 mm): Rectangle on B.Silkscreen
    @(154.0650 mm, 80.3100 mm): Segment on B.Silkscreen
[silk_overlap]: Silkscreen overlap
    Rule: board setup constraints silk; warning
    @(124.6000 mm, 112.1000 mm): Rectangle on B.Silkscreen
    @(155.9300 mm, 129.3100 mm): Segment on B.Silkscreen
[silk_overlap]: Silkscreen overlap
    Rule: board setup constraints silk; warning
    @(124.6000 mm, 112.1000 mm): Rectangle on B.Silkscreen
    @(155.9300 mm, 121.6300 mm): Segment on B.Silkscreen
[silk_overlap]: Silkscreen overlap
    Rule: board setup constraints silk; warning
    @(124.6000 mm, 112.1000 mm): Rectangle on B.Silkscreen
    @(154.6000 mm, 117.5900 mm): Reference 'J2'
[silk_overlap]: Silkscreen overlap
    Rule: board setup constraints silk; warning
    @(124.6000 mm, 112.1000 mm): Rectangle on B.Silkscreen
    @(154.6000 mm, 119.0300 mm): Segment on B.Silkscreen
[silk_overlap]: Silkscreen overlap
    Rule: board setup constraints silk; warning
    @(150.5000 mm, 83.6000 mm): Rectangle on B.Silkscreen
    @(153.9400 mm, 85.1700 mm): Segment on B.Silkscreen
[silk_overlap]: Silkscreen overlap
    Rule: board setup constraints silk; warning
    @(150.5000 mm, 83.6000 mm): Rectangle on B.Silkscreen
    @(153.9400 mm, 87.7700 mm): Segment on B.Silkscreen
[silk_overlap]: Silkscreen overlap
    Rule: board setup constraints silk; warning
    @(150.5000 mm, 83.6000 mm): Rectangle on B.Silkscreen
    @(153.9400 mm, 90.3100 mm): Segment on B.Silkscreen
[silk_overlap]: Silkscreen overlap
    Rule: board setup constraints silk; warning
    @(150.5000 mm, 83.6000 mm): Rectangle on B.Silkscreen
    @(153.9400 mm, 97.9300 mm): Segment on B.Silkscreen
[silk_overlap]: Silkscreen overlap
    Rule: board setup constraints silk; warning
    @(150.5000 mm, 83.6000 mm): Rectangle on B.Silkscreen
    @(156.8850 mm, 101.4700 mm): Reference 'J9'
[silk_overlap]: Silkscreen overlap
    Rule: board setup constraints silk; warning
    @(150.5000 mm, 83.6000 mm): Rectangle on B.Silkscreen
    @(156.6000 mm, 100.5300 mm): Segment on B.Silkscreen
[silk_overlap]: Silkscreen overlap
    Rule: board setup constraints silk; warning
    @(150.5000 mm, 83.6000 mm): Rectangle on B.Silkscreen
    @(153.9400 mm, 92.8500 mm): Segment on B.Silkscreen
[silk_overlap]: Silkscreen overlap
    Rule: board setup constraints silk; warning
    @(150.5000 mm, 83.6000 mm): Rectangle on B.Silkscreen
    @(153.9400 mm, 95.3900 mm): Segment on B.Silkscreen
[silk_overlap]: Silkscreen overlap
    Rule: board setup constraints silk; warning
    @(151.3750 mm, 117.8000 mm): Rectangle on B.Silkscreen
    @(154.6000 mm, 117.5900 mm): Reference 'J2'
[silk_over_copper]: Silkscreen clipped by solder mask
    Local override; warning
    @(124.6000 mm, 112.1000 mm): Rectangle on B.Silkscreen
[lib_footprint_issues]: The current configuration does not include the library 'LED_SMD'.
    Local override; warning
    @(136.3000 mm, 142.5000 mm): Footprint D13
[lib_footprint_issues]: The current configuration does not include the library 'Resistor_SMD'.
    Local override; warning
    @(133.9000 mm, 92.1000 mm): Footprint R15
[lib_footprint_issues]: The current configuration does not include the library 'Capacitor_SMD'.
    Local override; warning
    @(108.5000 mm, 91.7000 mm): Footprint C8
[lib_footprint_issues]: The current configuration does not include the library 'Capacitor_SMD'.
    Local override; warning
    @(122.6000 mm, 113.5000 mm): Footprint C4
[lib_footprint_issues]: The current configuration does not include the library 'Resistor_SMD'.
    Local override; warning
    @(143.0000 mm, 142.5000 mm): Footprint R21
[lib_footprint_issues]: The current configuration does not include the library 'LED_SMD'.
    Local override; warning
    @(115.0000 mm, 142.5000 mm): Footprint D14
[lib_footprint_issues]: The current configuration does not include the library 'Resistor_SMD'.
    Local override; warning
    @(144.8625 mm, 106.6000 mm): Footprint R28
[lib_footprint_issues]: The current configuration does not include the library 'Connector_PinSocket_2.54mm'.
    Local override; warning
    @(121.8000 mm, 63.3750 mm): Footprint J5
[lib_footprint_issues]: The current configuration does not include the library 'Resistor_SMD'.
    Local override; warning
    @(148.4000 mm, 133.0000 mm): Footprint R30
[lib_footprint_issues]: The current configuration does not include the library 'Capacitor_SMD'.
    Local override; warning
    @(140.5500 mm, 120.5200 mm): Footprint C21
[lib_footprint_issues]: The current configuration does not include the library 'Button_Switch_THT'.
    Local override; warning
    @(149.9500 mm, 59.8500 mm): Footprint SW2
[lib_footprint_issues]: The current configuration does not include the library 'Capacitor_SMD'.
    Local override; warning
    @(118.7625 mm, 109.8000 mm): Footprint C9
[lib_footprint_issues]: The current configuration does not include the library 'Capacitor_SMD'.
    Local override; warning
    @(113.8000 mm, 121.7000 mm): Footprint C14
[lib_footprint_issues]: The current configuration does not include the library 'Resistor_SMD'.
    Local override; warning
    @(101.5000 mm, 93.0000 mm): Footprint R4
[lib_footprint_issues]: The current configuration does not include the library 'Cyclometer_v1'.
    Local override; warning
    @(137.6000 mm, 69.0000 mm): Footprint G***
[lib_footprint_issues]: The current configuration does not include the library 'LED_SMD'.
    Local override; warning
    @(154.4000 mm, 116.4000 mm): Footprint D2
[lib_footprint_issues]: The current configuration does not include the library 'TestPoint'.
    Local override; warning
    @(127.7000 mm, 58.2000 mm): Footprint TP6
[lib_footprint_issues]: The current configuration does not include the library 'Package_QFP'.
    Local override; warning
    @(125.2500 mm, 100.0000 mm): Footprint U1
[lib_footprint_issues]: The current configuration does not include the library 'Capacitor_SMD'.
    Local override; warning
    @(119.9000 mm, 125.9000 mm): Footprint C15
[lib_footprint_issues]: The current configuration does not include the library 'LED_SMD'.
    Local override; warning
    @(149.0000 mm, 119.0000 mm): Footprint D12
[lib_footprint_issues]: The current configuration does not include the library 'Capacitor_SMD'.
    Local override; warning
    @(143.9000 mm, 117.6000 mm): Footprint C19
[lib_footprint_issues]: The current configuration does not include the library 'LED_SMD'.
    Local override; warning
    @(136.3000 mm, 56.5000 mm): Footprint D17
[lib_footprint_issues]: The current configuration does not include the library 'Button_Switch_THT'.
    Local override; warning
    @(149.9500 mm, 69.8500 mm): Footprint SW1
[lib_footprint_issues]: The current configuration does not include the library 'Resistor_SMD'.
    Local override; warning
    @(144.8625 mm, 111.4000 mm): Footprint R29
[lib_footprint_issues]: The current configuration does not include the library 'Resistor_SMD'.
    Local override; warning
    @(149.0000 mm, 74.0000 mm): Footprint R8
[lib_footprint_issues]: The current configuration does not include the library 'LED_SMD'.
    Local override; warning
    @(149.0000 mm, 80.5000 mm): Footprint D10
[lib_footprint_issues]: The current configuration does not include the library 'LED_SMD'.
    Local override; warning
    @(149.0000 mm, 100.0000 mm): Footprint D11
[lib_footprint_issues]: The current configuration does not include the library 'Capacitor_SMD'.
    Local override; warning
    @(152.2000 mm, 131.4000 mm): Footprint C24
[lib_footprint_issues]: The current configuration does not include the library 'Connector_USB'.
    Local override; warning
    @(154.5000 mm, 109.5000 mm): Footprint J8
[lib_footprint_issues]: The current configuration does not include the library 'Resistor_SMD'.
    Local override; warning
    @(107.8000 mm, 142.5000 mm): Footprint R22
[lib_footprint_issues]: The current configuration does not include the library 'Capacitor_SMD'.
    Local override; warning
    @(124.7000 mm, 119.8000 mm): Footprint C17
[lib_footprint_issues]: The current configuration does not include the library 'LED_SMD'.
    Local override; warning
    @(101.5000 mm, 99.9000 mm): Footprint D1
[lib_footprint_issues]: The current configuration does not include the library 'Resistor_SMD'.
    Local override; warning
    @(131.9000 mm, 90.1000 mm): Footprint R16
[lib_footprint_issues]: The current configuration does not include the library 'Crystal'.
    Local override; warning
    @(123.1000 mm, 81.4000 mm): Footprint Y1
[lib_footprint_issues]: The current configuration does not include the library 'Resistor_SMD'.
    Local override; warning
    @(136.5000 mm, 115.5100 mm): Footprint R6
[lib_footprint_issues]: The current configuration does not include the library 'Resistor_SMD'.
    Local override; warning
    @(143.9000 mm, 103.4000 mm): Footprint R27
[lib_footprint_issues]: The current configuration does not include the library 'Capacitor_SMD'.
    Local override; warning
    @(109.9336 mm, 97.6336 mm): Footprint C7
[lib_footprint_issues]: The current configuration does not include the library 'Capacitor_SMD'.
    Local override; warning
    @(128.6000 mm, 87.2000 mm): Footprint C1
[lib_footprint_issues]: The current configuration does not include the library 'Resistor_SMD'.
    Local override; warning
    @(135.5000 mm, 132.1775 mm): Footprint Ra2
[lib_footprint_issues]: The current configuration does not include the library 'Capacitor_SMD'.
    Local override; warning
    @(112.1000 mm, 95.4000 mm): Footprint C6
[lib_footprint_issues]: The current configuration does not include the library 'Capacitor_SMD'.
    Local override; warning
    @(124.6000 mm, 124.8000 mm): Footprint C16
[lib_footprint_issues]: The current configuration does not include the library 'Sensor_Motion'.
    Local override; warning
    @(119.0500 mm, 120.7500 mm): Footprint U2
[lib_footprint_issues]: The current configuration does not include the library 'Capacitor_SMD'.
    Local override; warning
    @(143.8000 mm, 100.7000 mm): Footprint C22
[lib_footprint_issues]: The current configuration does not include the library 'Capacitor_SMD'.
    Local override; warning
    @(119.1000 mm, 76.7000 mm): Footprint C11
[lib_footprint_issues]: The current configuration does not include the library 'Package_SO'.
    Local override; warning
    @(134.1250 mm, 120.6150 mm): Footprint U4
[lib_footprint_issues]: The current configuration does not include the library 'Capacitor_SMD'.
    Local override; warning
    @(135.5000 mm, 125.7775 mm): Footprint C33
[lib_footprint_issues]: The current configuration does not include the library 'Connector_PinSocket_2.54mm'.
    Local override; warning
    @(142.0400 mm, 136.4000 mm): Footprint J4
[lib_footprint_issues]: The current configuration does not include the library 'Resistor_SMD'.
    Local override; warning
    @(143.9000 mm, 56.3000 mm): Footprint R25
[lib_footprint_issues]: The current configuration does not include the library 'Resistor_SMD'.
    Local override; warning
    @(149.0000 mm, 91.2000 mm): Footprint R19
[lib_footprint_issues]: The current configuration does not include the library 'Connector_PinHeader_2.54mm'.
    Local override; warning
    @(122.1000 mm, 54.2000 mm): Footprint J6
[lib_footprint_issues]: The current configuration does not include the library 'Resistor_SMD'.
    Local override; warning
    @(131.3000 mm, 115.5100 mm): Footprint Rp2
[lib_footprint_issues]: The current configuration does not include the library 'LED_SMD'.
    Local override; warning
    @(101.5000 mm, 80.6000 mm): Footprint D15
[lib_footprint_issues]: The current configuration does not include the library 'Capacitor_SMD'.
    Local override; warning
    @(144.3000 mm, 84.9250 mm): Footprint C20
[lib_footprint_issues]: The current configuration does not include the library 'Resistor_SMD'.
    Local override; warning
    @(131.4000 mm, 111.7000 mm): Footprint R13
[lib_footprint_issues]: The current configuration does not include the library 'Resistor_SMD'.
    Local override; warning
    @(149.0000 mm, 124.5000 mm): Footprint R20
[lib_footprint_issues]: The current configuration does not include the library 'Resistor_SMD'.
    Local override; warning
    @(143.9000 mm, 114.4750 mm): Footprint R26
[lib_footprint_issues]: The current configuration does not include the library 'Capacitor_SMD'.
    Local override; warning
    @(152.2000 mm, 134.1000 mm): Footprint C23
[lib_footprint_issues]: The current configuration does not include the library 'TestPoint'.
    Local override; warning
    @(123.9000 mm, 58.2000 mm): Footprint TP5
[lib_footprint_issues]: The current configuration does not include the library 'LED_SMD'.
    Local override; warning
    @(101.5000 mm, 119.2000 mm): Footprint D4
[lib_footprint_issues]: The current configuration does not include the library 'Capacitor_SMD'.
    Local override; warning
    @(121.6000 mm, 88.5000 mm): Footprint C18
[lib_footprint_issues]: The current configuration does not include the library 'Resistor_SMD'.
    Local override; warning
    @(101.5000 mm, 74.3000 mm): Footprint R23
[lib_footprint_issues]: The current configuration does not include the library 'Capacitor_SMD'.
    Local override; warning
    @(124.3000 mm, 76.8000 mm): Footprint C10
[lib_footprint_issues]: The current configuration does not include the library 'Resistor_SMD'.
    Local override; warning
    @(134.0000 mm, 109.3000 mm): Footprint R14
[lib_footprint_issues]: The current configuration does not include the library 'Capacitor_SMD'.
    Local override; warning
    @(129.2500 mm, 128.7275 mm): Footprint C32
[lib_footprint_issues]: The current configuration does not include the library 'Resistor_SMD'.
    Local override; warning
    @(102.1750 mm, 56.6750 mm): Footprint R12
[lib_footprint_issues]: The current configuration does not include the library 'Capacitor_SMD'.
    Local override; warning
    @(120.6000 mm, 111.6000 mm): Footprint C3
[lib_footprint_issues]: The current configuration does not include the library 'Resistor_SMD'.
    Local override; warning
    @(139.5000 mm, 128.9775 mm): Footprint Ra1
[lib_footprint_issues]: The current configuration does not include the library 'Resistor_SMD'.
    Local override; warning
    @(107.6000 mm, 56.6000 mm): Footprint R24
[lib_footprint_issues]: The current configuration does not include the library 'Package_TO_SOT_SMD'.
    Local override; warning
    @(135.5625 mm, 128.9150 mm): Footprint U12
[lib_footprint_issues]: The current configuration does not include the library 'Resistor_SMD'.
    Local override; warning
    @(117.5000 mm, 81.3000 mm): Footprint R2
[lib_footprint_issues]: The current configuration does not include the library 'Capacitor_SMD'.
    Local override; warning
    @(136.4000 mm, 104.0000 mm): Footprint C2
[lib_footprint_issues]: The current configuration does not include the library 'Package_SO'.
    Local override; warning
    @(138.6000 mm, 86.0000 mm): Footprint U3
[lib_footprint_issues]: The current configuration does not include the library 'LED_SMD'.
    Local override; warning
    @(114.9000 mm, 56.4000 mm): Footprint D16
[lib_footprint_issues]: The current configuration does not include the library 'Capacitor_SMD'.
    Local override; warning
    @(114.2000 mm, 93.3000 mm): Footprint C5
[lib_footprint_issues]: The current configuration does not include the library 'Resistor_SMD'.
    Local override; warning
    @(142.7000 mm, 79.5000 mm): Footprint R1
[lib_footprint_issues]: The current configuration does not include the library 'Resistor_SMD'.
    Local override; warning
    @(101.5000 mm, 111.7000 mm): Footprint R5
[lib_footprint_issues]: The current configuration does not include the library 'TestPoint'.
    Local override; warning
    @(114.5000 mm, 126.0000 mm): Footprint TP2
[lib_footprint_issues]: The current configuration does not include the library 'Connector_PinSocket_2.54mm'.
    Local override; warning
    @(109.8800 mm, 69.0000 mm): Footprint J7
[lib_footprint_issues]: The current configuration does not include the library 'Connector_PinHeader_2.54mm'.
    Local override; warning
    @(152.6250 mm, 81.5800 mm): Footprint J1
[lib_footprint_issues]: The current configuration does not include the library 'TestPoint'.
    Local override; warning
    @(121.5000 mm, 126.0000 mm): Footprint TP1
[lib_footprint_issues]: The current configuration does not include the library 'Connector_PinSocket_2.54mm'.
    Local override; warning
    @(154.6000 mm, 120.3600 mm): Footprint J2
[lib_footprint_issues]: The current configuration does not include the library 'Resistor_SMD'.
    Local override; warning
    @(146.6000 mm, 56.9000 mm): Footprint R3
[lib_footprint_issues]: The current configuration does not include the library 'Connector_PinHeader_2.54mm'.
    Local override; warning
    @(152.0000 mm, 143.2400 mm): Footprint J3
[lib_footprint_issues]: The current configuration does not include the library 'Button_Switch_THT'.
    Local override; warning
    @(105.7500 mm, 69.2500 mm): Footprint RST1
[lib_footprint_issues]: The current configuration does not include the library 'Resistor_SMD'.
    Local override; warning
    @(146.6000 mm, 66.4000 mm): Footprint R7
[lib_footprint_issues]: The current configuration does not include the library 'Connector_PinHeader_2.54mm'.
    Local override; warning
    @(152.5000 mm, 99.2000 mm): Footprint J9
[lib_footprint_issues]: The current configuration does not include the library 'TestPoint'.
    Local override; warning
    @(132.9000 mm, 76.1000 mm): Footprint TP3
[lib_footprint_issues]: The current configuration does not include the library 'TestPoint'.
    Local override; warning
    @(139.5000 mm, 76.1000 mm): Footprint TP4
[silk_edge_clearance]: Silkscreen clipped by board edge
    Rule: board setup constraints silk; warning
    @(153.7850 mm, 142.4000 mm): Arc on Edge.Cuts
    @(148.7000 mm, 136.4000 mm): Rectangle on F.Silkscreen
[copper_edge_clearance]: Board edge clearance violation (board setup constraints edge clearance 0.5000 mm; actual 0.4250 mm)
    Rule: board setup constraints edge; error
    @(156.8000 mm, 54.4000 mm): Segment on Edge.Cuts
    @(155.5750 mm, 113.8200 mm): PTH pad S1 [GND] of J8
[copper_edge_clearance]: Board edge clearance violation (board setup constraints edge clearance 0.5000 mm; actual 0.4250 mm)
    Rule: board setup constraints edge; error
    @(156.8000 mm, 54.4000 mm): Segment on Edge.Cuts
    @(155.5750 mm, 105.1800 mm): PTH pad S1 [GND] of J8
[silk_edge_clearance]: Silkscreen clipped by board edge
    Rule: board setup constraints silk; warning
    @(156.8000 mm, 54.4000 mm): Segment on Edge.Cuts
    @(158.2850 mm, 114.0800 mm): Segment on F.Silkscreen
[silk_edge_clearance]: Silkscreen clipped by board edge
    Rule: board setup constraints silk; warning
    @(156.8000 mm, 54.4000 mm): Segment on Edge.Cuts
    @(156.5800 mm, 104.9200 mm): Segment on F.Silkscreen
[silk_edge_clearance]: Silkscreen clipped by board edge
    Rule: board setup constraints silk; warning
    @(156.8000 mm, 54.4000 mm): Segment on Edge.Cuts
    @(157.0100 mm, 83.8500 mm): Reference 'J1'
[silk_edge_clearance]: Silkscreen clipped by board edge
    Rule: board setup constraints silk; warning
    @(156.8000 mm, 54.4000 mm): Segment on Edge.Cuts
    @(156.7250 mm, 76.8800 mm): Segment on B.Silkscreen
[silk_edge_clearance]: Silkscreen clipped by board edge
    Rule: board setup constraints silk; warning
    @(156.8000 mm, 54.4000 mm): Segment on Edge.Cuts
    @(156.7250 mm, 79.4200 mm): Segment on B.Silkscreen
[silk_edge_clearance]: Silkscreen clipped by board edge
    Rule: board setup constraints silk; warning
    @(156.8000 mm, 54.4000 mm): Segment on Edge.Cuts
    @(156.7250 mm, 81.3000 mm): Segment on B.Silkscreen
[silk_edge_clearance]: Silkscreen clipped by board edge
    Rule: board setup constraints silk; warning
    @(156.8000 mm, 54.4000 mm): Segment on Edge.Cuts
    @(156.7250 mm, 81.4200 mm): Segment on B.Silkscreen
[silk_edge_clearance]: Silkscreen clipped by board edge
    Rule: board setup constraints silk; warning
    @(156.8000 mm, 54.4000 mm): Segment on Edge.Cuts
    @(156.7250 mm, 81.5400 mm): Segment on B.Silkscreen
[silk_edge_clearance]: Silkscreen clipped by board edge
    Rule: board setup constraints silk; warning
    @(156.8000 mm, 54.4000 mm): Segment on Edge.Cuts
    @(156.7250 mm, 81.6600 mm): Segment on B.Silkscreen
[silk_edge_clearance]: Silkscreen clipped by board edge
    Rule: board setup constraints silk; warning
    @(156.8000 mm, 54.4000 mm): Segment on Edge.Cuts
    @(156.7250 mm, 81.7800 mm): Segment on B.Silkscreen
[silk_edge_clearance]: Silkscreen clipped by board edge
    Rule: board setup constraints silk; warning
    @(156.8000 mm, 54.4000 mm): Segment on Edge.Cuts
    @(156.7250 mm, 81.9000 mm): Segment on B.Silkscreen
[silk_edge_clearance]: Silkscreen clipped by board edge
    Rule: board setup constraints silk; warning
    @(156.8000 mm, 54.4000 mm): Segment on Edge.Cuts
    @(156.7250 mm, 81.9600 mm): Segment on B.Silkscreen
[silk_edge_clearance]: Silkscreen clipped by board edge
    Rule: board setup constraints silk; warning
    @(156.8000 mm, 54.4000 mm): Segment on Edge.Cuts
    @(162.7250 mm, 76.1200 mm): Segment on B.Silkscreen
[silk_edge_clearance]: Silkscreen clipped by board edge
    Rule: board setup constraints silk; warning
    @(156.8000 mm, 54.4000 mm): Segment on Edge.Cuts
    @(162.7250 mm, 78.6600 mm): Segment on B.Silkscreen
[silk_edge_clearance]: Silkscreen clipped by board edge
    Rule: board setup constraints silk; warning
    @(156.8000 mm, 54.4000 mm): Segment on Edge.Cuts
    @(162.7250 mm, 81.2000 mm): Segment on B.Silkscreen
[silk_edge_clearance]: Silkscreen clipped by board edge
    Rule: board setup constraints silk; warning
    @(156.8000 mm, 54.4000 mm): Segment on Edge.Cuts
    @(155.9800 mm, 136.8300 mm): Segment on B.Silkscreen
[silk_edge_clearance]: Silkscreen clipped by board edge
    Rule: board setup constraints silk; warning
    @(156.8000 mm, 54.4000 mm): Segment on Edge.Cuts
    @(155.9800 mm, 139.4300 mm): Segment on B.Silkscreen
[silk_edge_clearance]: Silkscreen clipped by board edge
    Rule: board setup constraints silk; warning
    @(156.8000 mm, 54.4000 mm): Segment on Edge.Cuts
    @(155.9800 mm, 141.9700 mm): Segment on B.Silkscreen
[silk_edge_clearance]: Silkscreen clipped by board edge
    Rule: board setup constraints silk; warning
    @(153.7850 mm, 142.4000 mm): Arc on Edge.Cuts
    @(155.9800 mm, 144.5700 mm): Segment on B.Silkscreen
[silk_edge_clearance]: Silkscreen clipped by board edge
    Rule: board setup constraints silk; warning
    @(156.8000 mm, 54.4000 mm): Segment on Edge.Cuts
    @(156.8850 mm, 101.4700 mm): Reference 'J9'
[silk_edge_clearance]: Silkscreen clipped by board edge
    Rule: board setup constraints silk; warning
    @(156.8000 mm, 54.4000 mm): Segment on Edge.Cuts
    @(156.6000 mm, 86.8800 mm): Segment on B.Silkscreen
[silk_edge_clearance]: Silkscreen clipped by board edge
    Rule: board setup constraints silk; warning
    @(156.8000 mm, 54.4000 mm): Segment on Edge.Cuts
    @(156.6000 mm, 89.4200 mm): Segment on B.Silkscreen
[silk_edge_clearance]: Silkscreen clipped by board edge
    Rule: board setup constraints silk; warning
    @(156.8000 mm, 54.4000 mm): Segment on Edge.Cuts
    @(156.6000 mm, 91.9600 mm): Segment on B.Silkscreen
[silk_edge_clearance]: Silkscreen clipped by board edge
    Rule: board setup constraints silk; warning
    @(156.8000 mm, 54.4000 mm): Segment on Edge.Cuts
    @(156.6000 mm, 94.5000 mm): Segment on B.Silkscreen
[silk_edge_clearance]: Silkscreen clipped by board edge
    Rule: board setup constraints silk; warning
    @(156.8000 mm, 54.4000 mm): Segment on Edge.Cuts
    @(156.6000 mm, 97.0400 mm): Segment on B.Silkscreen
[silk_edge_clearance]: Silkscreen clipped by board edge
    Rule: board setup constraints silk; warning
    @(156.8000 mm, 54.4000 mm): Segment on Edge.Cuts
    @(156.6000 mm, 98.9200 mm): Segment on B.Silkscreen
[silk_edge_clearance]: Silkscreen clipped by board edge
    Rule: board setup constraints silk; warning
    @(156.8000 mm, 54.4000 mm): Segment on Edge.Cuts
    @(156.6000 mm, 99.0400 mm): Segment on B.Silkscreen
[silk_edge_clearance]: Silkscreen clipped by board edge
    Rule: board setup constraints silk; warning
    @(156.8000 mm, 54.4000 mm): Segment on Edge.Cuts
    @(156.6000 mm, 99.1600 mm): Segment on B.Silkscreen
[silk_edge_clearance]: Silkscreen clipped by board edge
    Rule: board setup constraints silk; warning
    @(156.8000 mm, 54.4000 mm): Segment on Edge.Cuts
    @(156.6000 mm, 99.2800 mm): Segment on B.Silkscreen
[silk_edge_clearance]: Silkscreen clipped by board edge
    Rule: board setup constraints silk; warning
    @(156.8000 mm, 54.4000 mm): Segment on Edge.Cuts
    @(156.6000 mm, 99.4000 mm): Segment on B.Silkscreen
[silk_edge_clearance]: Silkscreen clipped by board edge
    Rule: board setup constraints silk; warning
    @(156.8000 mm, 54.4000 mm): Segment on Edge.Cuts
    @(156.6000 mm, 99.5200 mm): Segment on B.Silkscreen
[silk_edge_clearance]: Silkscreen clipped by board edge
    Rule: board setup constraints silk; warning
    @(156.8000 mm, 54.4000 mm): Segment on Edge.Cuts
    @(156.6000 mm, 99.5800 mm): Segment on B.Silkscreen
[silk_edge_clearance]: Silkscreen clipped by board edge
    Rule: board setup constraints silk; warning
    @(156.8000 mm, 54.4000 mm): Segment on Edge.Cuts
    @(162.6000 mm, 86.1200 mm): Segment on B.Silkscreen
[silk_edge_clearance]: Silkscreen clipped by board edge
    Rule: board setup constraints silk; warning
    @(156.8000 mm, 54.4000 mm): Segment on Edge.Cuts
    @(162.6000 mm, 88.6600 mm): Segment on B.Silkscreen
[silk_edge_clearance]: Silkscreen clipped by board edge
    Rule: board setup constraints silk; warning
    @(156.8000 mm, 54.4000 mm): Segment on Edge.Cuts
    @(162.6000 mm, 91.2000 mm): Segment on B.Silkscreen
[silk_edge_clearance]: Silkscreen clipped by board edge
    Rule: board setup constraints silk; warning
    @(156.8000 mm, 54.4000 mm): Segment on Edge.Cuts
    @(162.6000 mm, 93.7400 mm): Segment on B.Silkscreen
[silk_edge_clearance]: Silkscreen clipped by board edge
    Rule: board setup constraints silk; warning
    @(156.8000 mm, 54.4000 mm): Segment on Edge.Cuts
    @(162.6000 mm, 96.2800 mm): Segment on B.Silkscreen
[silk_edge_clearance]: Silkscreen clipped by board edge
    Rule: board setup constraints silk; warning
    @(156.8000 mm, 54.4000 mm): Segment on Edge.Cuts
    @(162.6000 mm, 98.8200 mm): Segment on B.Silkscreen
[hole_clearance]: Hole clearance violation (board setup constraints hole clearance 0.2500 mm; actual 0.1651 mm)
    Rule: board setup constraints hole; error
    @(151.8950 mm, 112.3900 mm): NPTH pad of J8
    @(150.8300 mm, 112.5500 mm): Pad B12 [GND] of J8 on F.Cu
[hole_clearance]: Hole clearance violation (board setup constraints hole clearance 0.2500 mm; actual 0.2005 mm)
    Rule: board setup constraints hole; error
    @(151.8950 mm, 112.3900 mm): NPTH pad of J8
    @(150.8300 mm, 112.0500 mm): Pad A4 [Net-(D2-A)] of J8 on F.Cu
[hole_clearance]: Hole clearance violation (board setup constraints hole clearance 0.2500 mm; actual 0.2005 mm)
    Rule: board setup constraints hole; error
    @(151.8950 mm, 106.6100 mm): NPTH pad of J8
    @(150.8300 mm, 106.9500 mm): Pad A9 [Net-(D2-A)] of J8 on F.Cu
[hole_clearance]: Hole clearance violation (board setup constraints hole clearance 0.2500 mm; actual 0.1651 mm)
    Rule: board setup constraints hole; error
    @(151.8950 mm, 106.6100 mm): NPTH pad of J8
    @(150.8300 mm, 106.4500 mm): Pad B1 [GND] of J8 on F.Cu

** Found 0 unconnected pads **

** Found 0 Footprint errors **

** End of Report **
